// Jest Snapshot v1, https://goo.gl/fbAQLP

exports[` 1`] = `
"![Flag status](data:image/svg+xml;base64,PHN2ZyB3aWR0aD0iMTMiIGhlaWdodD0iMTMiIHZpZXdCb3g9IjAgMCAxMyAxMyIgZmlsbD0ibm9uZSIgeG1sbnM9Imh0dHA6Ly93d3cudzMub3JnLzIwMDAvc3ZnIj4KPHBhdGggZmlsbC1ydWxlPSJldmVub2RkIiBjbGlwLXJ1bGU9ImV2ZW5vZGQiIGQ9Ik0zLjI1IDRDMS40NTUwNyA0IDAgNS40NTUwNyAwIDcuMjVDMCA5LjA0NDkyIDEuNDU1MDcgMTAuNSAzLjI1IDEwLjVIOS43NUMxMS41NDQ5IDEwLjUgMTMgOS4wNDQ5MiAxMyA3LjI1QzEzIDUuNDU1MDcgMTEuNTQ0OSA0IDkuNzUgNEgzLjI1Wk05LjQ3OTE3IDkuNjg3NUMxMC44MjU0IDkuNjg3NSAxMS45MTY3IDguNTk2MTkgMTEuOTE2NyA3LjI1QzExLjkxNjcgNS45MDM4MSAxMC44MjU0IDQuODEyNSA5LjQ3OTE3IDQuODEyNUM4LjEzMjk3IDQuODEyNSA3LjA0MTY3IDUuOTAzODEgNy4wNDE2NyA3LjI1QzcuMDQxNjcgOC41OTYxOSA4LjEzMjk3IDkuNjg3NSA5LjQ3OTE3IDkuNjg3NVoiIGZpbGw9IiMyN0FFNjAiLz4KPC9zdmc+Cg==) abc / test / **[test](https://example.com/ \\"Open in LaunchDarkly\\")** 



First flag

* Prerequisites: \`something\`
* Targets configured


**$(symbol-boolean) Variations**

* \`1\` **one**: first flag \`$(arrow-small-right)fallthrough\`"
`;

exports[`provider utils tests generateHoverString 1`] = `
"![Flag status](data:image/svg+xml;base64,PHN2ZyB3aWR0aD0iMTMiIGhlaWdodD0iMTMiIHZpZXdCb3g9IjAgMCAxMyAxMyIgZmlsbD0ibm9uZSIgeG1sbnM9Imh0dHA6Ly93d3cudzMub3JnLzIwMDAvc3ZnIj4KPHBhdGggZmlsbC1ydWxlPSJldmVub2RkIiBjbGlwLXJ1bGU9ImV2ZW5vZGQiIGQ9Ik0zLjI1IDRDMS40NTUwNyA0IDAgNS40NTUwNyAwIDcuMjVDMCA5LjA0NDkyIDEuNDU1MDcgMTAuNSAzLjI1IDEwLjVIOS43NUMxMS41NDQ5IDEwLjUgMTMgOS4wNDQ5MiAxMyA3LjI1QzEzIDUuNDU1MDcgMTEuNTQ0OSA0IDkuNzUgNEgzLjI1Wk05LjQ3OTE3IDkuNjg3NUMxMC44MjU0IDkuNjg3NSAxMS45MTY3IDguNTk2MTkgMTEuOTE2NyA3LjI1QzExLjkxNjcgNS45MDM4MSAxMC44MjU0IDQuODEyNSA5LjQ3OTE3IDQuODEyNUM4LjEzMjk3IDQuODEyNSA3LjA0MTY3IDUuOTAzODEgNy4wNDE2NyA3LjI1QzcuMDQxNjcgOC41OTYxOSA4LjEzMjk3IDkuNjg3NSA5LjQ3OTE3IDkuNjg3NVoiIGZpbGw9IiMyN0FFNjAiLz4KPC9zdmc+Cg==) abc / test / **[test](https://example.com/ \\"Open in LaunchDarkly\\")** 



First flag

* Prerequisites: \`something\`
* Targets configured


**$(symbol-boolean) Variations**

* \`1\` **one**: first flag \`$(arrow-small-right)fallthrough\`"
`;
